{
  "params": 967796,
  "test_metrics": {
    "oracle": {
      "oracle_overall": 0.006627843715250492,
      "oracle_uniform": 0.0038882785011082888,
      "oracle_accel": 0.010895734652876854,
      "oracle_spring": 0.009350619278848171,
      "oracle_collision": 0.002376741264015436,
      "oracle_pos_x": 0.010604796931147575,
      "oracle_vel_x": 0.009934550151228905,
      "oracle_pos_y": 0.008310848847031593,
      "oracle_vel_y": 0.0023184409365057945,
      "oracle_pos_z": 0.006680215243250132,
      "oracle_vel_z": 0.0019182104151695967
    },
    "blind": {
      "blind_overall": 0.010372137650847435,
      "blind_uniform": 0.005725355818867683,
      "blind_accel": 0.014103800989687443,
      "blind_spring": 0.018618334084749222,
      "blind_collision": 0.003041062504053116,
      "blind_pos_x": 0.014228085055947304,
      "blind_vel_x": 0.015821440145373344,
      "blind_pos_y": 0.012560764327645302,
      "blind_vel_y": 0.006319624837487936,
      "blind_pos_z": 0.009429599158465862,
      "blind_vel_z": 0.003873312845826149
    }
  },
  "coverage": {
    "oracle_alpha_0.2": {
      "nominal": 0.8,
      "marginal": 0.7839,
      "per_step": [
        0.7901,
        0.7833,
        0.7836,
        0.7784
      ],
      "bandwidth_marginal": 0.043,
      "pass": true
    },
    "oracle_alpha_0.1": {
      "nominal": 0.9,
      "marginal": 0.8984,
      "per_step": [
        0.9008,
        0.8995,
        0.8969,
        0.8966
      ],
      "bandwidth_marginal": 0.0858,
      "pass": true
    },
    "oracle_alpha_0.05": {
      "nominal": 0.95,
      "marginal": 0.9577,
      "per_step": [
        0.9534,
        0.9617,
        0.957,
        0.9589
      ],
      "bandwidth_marginal": 0.1612,
      "pass": true
    },
    "blind_alpha_0.2": {
      "nominal": 0.8,
      "marginal": 0.7758,
      "per_step": [
        0.7831,
        0.7792,
        0.7737,
        0.7672
      ],
      "bandwidth_marginal": 0.0504,
      "pass": true
    },
    "blind_alpha_0.1": {
      "nominal": 0.9,
      "marginal": 0.9001,
      "per_step": [
        0.9039,
        0.8987,
        0.901,
        0.8969
      ],
      "bandwidth_marginal": 0.1081,
      "pass": true
    },
    "blind_alpha_0.05": {
      "nominal": 0.95,
      "marginal": 0.9559,
      "per_step": [
        0.9521,
        0.9568,
        0.9549,
        0.9599
      ],
      "bandwidth_marginal": 0.2052,
      "pass": true
    }
  },
  "param_fan": {
    "nominal": 0.8,
    "empirical_coverage": 0.8592,
    "pass": true
  },
  "latency_ms": {
    "predict_next_batch1_median": 2.3598,
    "rollout4_batch1_median": 4.8283
  },
  "gating": {
    "all_pass": true,
    "checked": 21,
    "note": "覆盖率容差 ±0.05（扇形 ±0.10），CPU 固定 seed"
  }
}
saved /home/user/Doubao/chats/38439739717650178/release-v5.4.4/udos-engine/reports7/v7_verification.json
