{
  "params": 967182,
  "test_metrics": {
    "oracle": {
      "oracle_overall": 0.0209040604531765,
      "oracle_uniform": 0.007429645396769047,
      "oracle_accel": 0.06174861639738083,
      "oracle_spring": 0.011850127950310707,
      "oracle_collision": 0.0025878464803099632,
      "oracle_pos_x": 0.02953549660742283,
      "oracle_vel_x": 0.015935098752379417,
      "oracle_pos_y": 0.031227711588144302,
      "oracle_vel_y": 0.007088609971106052,
      "oracle_pos_z": 0.03533492609858513,
      "oracle_vel_z": 0.006302512250840664
    },
    "blind": {
      "blind_overall": 0.024816418066620827,
      "blind_uniform": 0.007333085406571627,
      "blind_accel": 0.06926480680704117,
      "blind_spring": 0.0193274337798357,
      "blind_collision": 0.0033403465058654547,
      "blind_pos_x": 0.03538327291607857,
      "blind_vel_x": 0.018536970019340515,
      "blind_pos_y": 0.037218112498521805,
      "blind_vel_y": 0.01086911279708147,
      "blind_pos_z": 0.03887185826897621,
      "blind_vel_z": 0.00801919400691986
    }
  },
  "coverage": {
    "oracle_alpha_0.2": {
      "nominal": 0.8,
      "marginal": 0.8054,
      "per_step": [
        0.8042,
        0.8031,
        0.8073,
        0.807
      ],
      "bandwidth_marginal": 0.0856,
      "pass": true
    },
    "oracle_alpha_0.1": {
      "nominal": 0.9,
      "marginal": 0.9168,
      "per_step": [
        0.9112,
        0.9208,
        0.9164,
        0.9187
      ],
      "bandwidth_marginal": 0.1764,
      "pass": true
    },
    "oracle_alpha_0.05": {
      "nominal": 0.95,
      "marginal": 0.9709,
      "per_step": [
        0.9685,
        0.975,
        0.9708,
        0.9693
      ],
      "bandwidth_marginal": 0.3441,
      "pass": true
    },
    "blind_alpha_0.2": {
      "nominal": 0.8,
      "marginal": 0.7929,
      "per_step": [
        0.7883,
        0.7904,
        0.7958,
        0.7971
      ],
      "bandwidth_marginal": 0.0933,
      "pass": true
    },
    "blind_alpha_0.1": {
      "nominal": 0.9,
      "marginal": 0.909,
      "per_step": [
        0.9044,
        0.9154,
        0.9073,
        0.9091
      ],
      "bandwidth_marginal": 0.1963,
      "pass": true
    },
    "blind_alpha_0.05": {
      "nominal": 0.95,
      "marginal": 0.9648,
      "per_step": [
        0.9641,
        0.9643,
        0.9659,
        0.9648
      ],
      "bandwidth_marginal": 0.3557,
      "pass": true
    }
  },
  "param_fan": {
    "nominal": 0.8,
    "empirical_coverage": 0.8258,
    "pass": true
  },
  "latency_ms": {
    "predict_next_batch1_median": 1.8261,
    "rollout4_batch1_median": 4.1766
  },
  "gating": {
    "all_pass": true,
    "checked": 15,
    "note": "覆盖率容差 ±0.05（扇形 ±0.10），CPU 固定 seed"
  }
}
saved /home/user/Doubao/chats/38439739717650178/release-v5.4.4/udos-engine/reports7/v7_verification.json
